Category: 📺央视频道, Name: CCTV-1, Total: 105, Valid: 11, Valid Percent: 10.48%, Whitelist: 0, IPv4: 11, IPv6: 94, Min Delay: 57 ms, Max Speed: 93.01 M/s, Avg Speed: 21.74 M/s, Max Resolution: 1920x1080
Category: 📺央视频道, Name: CCTV-2, Total: 82, Valid: 12, Valid Percent: 14.63%, Whitelist: 0, IPv4: 12, IPv6: 70, Min Delay: 64 ms, Max Speed: 86.86 M/s, Avg Speed: 19.60 M/s, Max Resolution: 1920x1080
Category: 📺央视频道, Name: CCTV-3, Total: 76, Valid: 8, Valid Percent: 10.53%, Whitelist: 0, IPv4: 8, IPv6: 68, Min Delay: 61 ms, Max Speed: 85.28 M/s, Avg Speed: 28.41 M/s, Max Resolution: 1920x1080
Category: 📺央视频道, Name: CCTV-4, Total: 89, Valid: 8, Valid Percent: 8.99%, Whitelist: 0, IPv4: 8, IPv6: 81, Min Delay: 92 ms, Max Speed: 57.67 M/s, Avg Speed: 8.05 M/s, Max Resolution: 1920x1080
Category: 📺央视频道, Name: CCTV-5, Total: 104, Valid: 10, Valid Percent: 9.62%, Whitelist: 0, IPv4: 10, IPv6: 94, Min Delay: 57 ms, Max Speed: 91.51 M/s, Avg Speed: 33.32 M/s, Max Resolution: 1920x1080
Category: 📺央视频道, Name: CCTV-5+, Total: 87, Valid: 11, Valid Percent: 12.64%, Whitelist: 0, IPv4: 11, IPv6: 76, Min Delay: 53 ms, Max Speed: 98.26 M/s, Avg Speed: 30.04 M/s, Max Resolution: 1920x1080
Category: 📺央视频道, Name: CCTV-6, Total: 95, Valid: 10, Valid Percent: 10.53%, Whitelist: 0, IPv4: 10, IPv6: 85, Min Delay: 56 ms, Max Speed: 87.05 M/s, Avg Speed: 22.24 M/s, Max Resolution: 1920x1080
Category: 📺央视频道, Name: CCTV-7, Total: 72, Valid: 9, Valid Percent: 12.50%, Whitelist: 0, IPv4: 9, IPv6: 63, Min Delay: 61 ms, Max Speed: 81.93 M/s, Avg Speed: 12.38 M/s, Max Resolution: 1920x1080
Category: 📺央视频道, Name: CCTV-8, Total: 79, Valid: 9, Valid Percent: 11.39%, Whitelist: 0, IPv4: 9, IPv6: 70, Min Delay: 77 ms, Max Speed: 72.38 M/s, Avg Speed: 24.37 M/s, Max Resolution: 1920x1080
Category: 📺央视频道, Name: CCTV-9, Total: 76, Valid: 8, Valid Percent: 10.53%, Whitelist: 0, IPv4: 8, IPv6: 68, Min Delay: 53 ms, Max Speed: 102.26 M/s, Avg Speed: 34.65 M/s, Max Resolution: 1920x1080
Category: 📺央视频道, Name: CCTV-10, Total: 76, Valid: 13, Valid Percent: 17.11%, Whitelist: 0, IPv4: 13, IPv6: 63, Min Delay: 64 ms, Max Speed: 75.26 M/s, Avg Speed: 23.27 M/s, Max Resolution: 1920x1080
Category: 📺央视频道, Name: CCTV-11, Total: 74, Valid: 13, Valid Percent: 17.57%, Whitelist: 0, IPv4: 13, IPv6: 61, Min Delay: 65 ms, Max Speed: 82.45 M/s, Avg Speed: 24.58 M/s, Max Resolution: 1920x1080
Category: 📺央视频道, Name: CCTV-12, Total: 81, Valid: 11, Valid Percent: 13.58%, Whitelist: 0, IPv4: 11, IPv6: 70, Min Delay: 55 ms, Max Speed: 94.93 M/s, Avg Speed: 25.61 M/s, Max Resolution: 1920x1080
Category: 📺央视频道, Name: CCTV-13, Total: 92, Valid: 10, Valid Percent: 10.87%, Whitelist: 0, IPv4: 10, IPv6: 82, Min Delay: 50 ms, Max Speed: 103.49 M/s, Avg Speed: 43.76 M/s, Max Resolution: 1920x1080
Category: 📺央视频道, Name: CCTV-14, Total: 74, Valid: 10, Valid Percent: 13.51%, Whitelist: 0, IPv4: 10, IPv6: 64, Min Delay: 56 ms, Max Speed: 97.64 M/s, Avg Speed: 32.98 M/s, Max Resolution: 1920x1080
Category: 📺央视频道, Name: CCTV-15, Total: 74, Valid: 11, Valid Percent: 14.86%, Whitelist: 0, IPv4: 11, IPv6: 63, Min Delay: 52 ms, Max Speed: 92.22 M/s, Avg Speed: 26.34 M/s, Max Resolution: 1920x1080
Category: 📺央视频道, Name: CCTV-16, Total: 82, Valid: 12, Valid Percent: 14.63%, Whitelist: 0, IPv4: 13, IPv6: 69, Min Delay: 61 ms, Max Speed: 81.15 M/s, Avg Speed: 34.90 M/s, Max Resolution: 1920x1080
Category: 📺央视频道, Name: CCTV-17, Total: 80, Valid: 15, Valid Percent: 18.75%, Whitelist: 0, IPv4: 15, IPv6: 65, Min Delay: 56 ms, Max Speed: 93.89 M/s, Avg Speed: 31.52 M/s, Max Resolution: 1920x1080
Category: 📺央视频道, Name: CETV-1, Total: 230, Valid: 4, Valid Percent: 1.74%, Whitelist: 0, IPv4: 4, IPv6: 226, Min Delay: 389 ms, Max Speed: 7.11 M/s, Avg Speed: 5.52 M/s, Max Resolution: 1920x1080
Category: 📺央视频道, Name: CETV-2, Total: 160, Valid: 0, Valid Percent: 0.00%, Whitelist: 0, IPv4: 0, IPv6: 160, Min Delay: -1 ms, Max Speed: 0.00 M/s, Avg Speed: 0.00 M/s, Max Resolution: None
Category: 📺央视频道, Name: CETV-3, Total: 6, Valid: 0, Valid Percent: 0.00%, Whitelist: 0, IPv4: 0, IPv6: 6, Min Delay: -1 ms, Max Speed: 0.00 M/s, Avg Speed: 0.00 M/s, Max Resolution: None
Category: 📺央视频道, Name: CETV-4, Total: 187, Valid: 2, Valid Percent: 1.07%, Whitelist: 0, IPv4: 2, IPv6: 185, Min Delay: 396 ms, Max Speed: 0.95 M/s, Avg Speed: 0.90 M/s, Max Resolution: 1920x1080
Category: 🌊港·澳·台, Name: 中天新聞台, Total: 69, Valid: 0, Valid Percent: 0.00%, Whitelist: 0, IPv4: 0, IPv6: 69, Min Delay: -1 ms, Max Speed: 0.00 M/s, Avg Speed: 0.00 M/s, Max Resolution: None
Category: 🌊港·澳·台, Name: 中天新闻, Total: 1, Valid: 1, Valid Percent: 100.00%, Whitelist: 0, IPv4: 1, IPv6: 0, Min Delay: 10843 ms, Max Speed: 0.58 M/s, Avg Speed: 0.58 M/s, Max Resolution: 1920x1080
Category: 🌊港·澳·台, Name: 民视, Total: 6, Valid: 0, Valid Percent: 0.00%, Whitelist: 0, IPv4: 1, IPv6: 5, Min Delay: -1 ms, Max Speed: 0.00 M/s, Avg Speed: 0.00 M/s, Max Resolution: 1280x720
Category: 🌊港·澳·台, Name: 台视, Total: 1, Valid: 0, Valid Percent: 0.00%, Whitelist: 0, IPv4: 1, IPv6: 0, Min Delay: -1 ms, Max Speed: 0.00 M/s, Avg Speed: 0.00 M/s, Max Resolution: 1280x720
Category: 🌊港·澳·台, Name: 华视, Total: 17, Valid: 0, Valid Percent: 0.00%, Whitelist: 0, IPv4: 2, IPv6: 15, Min Delay: -1 ms, Max Speed: 0.00 M/s, Avg Speed: 0.00 M/s, Max Resolution: 1280x720
Category: 🌊港·澳·台, Name: 中视, Total: 16, Valid: 0, Valid Percent: 0.00%, Whitelist: 0, IPv4: 0, IPv6: 16, Min Delay: -1 ms, Max Speed: 0.00 M/s, Avg Speed: 0.00 M/s, Max Resolution: None
Category: 🌊港·澳·台, Name: 民视新闻台, Total: 1, Valid: 1, Valid Percent: 100.00%, Whitelist: 0, IPv4: 1, IPv6: 0, Min Delay: 545 ms, Max Speed: 2.61 M/s, Avg Speed: 2.61 M/s, Max Resolution: 1920x1080
Category: 🌊港·澳·台, Name: 台视新闻, Total: 1, Valid: 1, Valid Percent: 100.00%, Whitelist: 0, IPv4: 1, IPv6: 0, Min Delay: 604 ms, Max Speed: 3.30 M/s, Avg Speed: 3.30 M/s, Max Resolution: 1920x1080
Category: 💰音乐娱乐, Name: Trace Sports, Total: 1, Valid: 1, Valid Percent: 100.00%, Whitelist: 0, IPv4: 1, IPv6: 0, Min Delay: 187 ms, Max Speed: 29.38 M/s, Avg Speed: 29.38 M/s, Max Resolution: 1920x1080
Category: 💰音乐娱乐, Name: 五星体育, Total: 1, Valid: 0, Valid Percent: 0.00%, Whitelist: 0, IPv4: 0, IPv6: 1, Min Delay: -1 ms, Max Speed: 0.00 M/s, Avg Speed: 0.00 M/s, Max Resolution: None
Category: 💰音乐娱乐, Name: 广东体育, Total: 113, Valid: 2, Valid Percent: 1.77%, Whitelist: 0, IPv4: 2, IPv6: 111, Min Delay: 168 ms, Max Speed: 0.93 M/s, Avg Speed: 0.73 M/s, Max Resolution: 1920x1080
Category: 💰音乐娱乐, Name: 纬来体育, Total: 45, Valid: 0, Valid Percent: 0.00%, Whitelist: 0, IPv4: 2, IPv6: 43, Min Delay: -1 ms, Max Speed: 0.00 M/s, Avg Speed: 0.00 M/s, Max Resolution: 1280x720
Category: 💰音乐娱乐, Name: 睛彩竞技, Total: 1, Valid: 0, Valid Percent: 0.00%, Whitelist: 0, IPv4: 0, IPv6: 1, Min Delay: -1 ms, Max Speed: 0.00 M/s, Avg Speed: 0.00 M/s, Max Resolution: None
Category: 💰音乐娱乐, Name: 1905电影网（国内）, Total: 1, Valid: 1, Valid Percent: 100.00%, Whitelist: 0, IPv4: 1, IPv6: 0, Min Delay: 330 ms, Max Speed: 2.50 M/s, Avg Speed: 2.50 M/s, Max Resolution: 1920x1080
Category: 💰音乐娱乐, Name: 欢笑剧场, Total: 1, Valid: 0, Valid Percent: 0.00%, Whitelist: 0, IPv4: 0, IPv6: 1, Min Delay: -1 ms, Max Speed: 0.00 M/s, Avg Speed: 0.00 M/s, Max Resolution: None
Category: 💰音乐娱乐, Name: 都市剧场, Total: 1, Valid: 0, Valid Percent: 0.00%, Whitelist: 0, IPv4: 0, IPv6: 1, Min Delay: -1 ms, Max Speed: 0.00 M/s, Avg Speed: 0.00 M/s, Max Resolution: None
Category: ☘️福建频道, Name: 三明新闻综合, Total: 2, Valid: 0, Valid Percent: 0.00%, Whitelist: 0, IPv4: 0, IPv6: 2, Min Delay: -1 ms, Max Speed: 0.00 M/s, Avg Speed: 0.00 M/s, Max Resolution: None
Category: ☘️福建频道, Name: 云霄综合, Total: 4, Valid: 0, Valid Percent: 0.00%, Whitelist: 0, IPv4: 0, IPv6: 4, Min Delay: -1 ms, Max Speed: 0.00 M/s, Avg Speed: 0.00 M/s, Max Resolution: None
Category: ☘️福建频道, Name: 厦门卫视, Total: 117, Valid: 0, Valid Percent: 0.00%, Whitelist: 0, IPv4: 0, IPv6: 117, Min Delay: -1 ms, Max Speed: 0.00 M/s, Avg Speed: 0.00 M/s, Max Resolution: None
Category: ☘️福建频道, Name: 漳州新闻综合, Total: 3, Valid: 0, Valid Percent: 0.00%, Whitelist: 0, IPv4: 0, IPv6: 3, Min Delay: -1 ms, Max Speed: 0.00 M/s, Avg Speed: 0.00 M/s, Max Resolution: None
Category: ☘️福建频道, Name: 福州少儿, Total: 1, Valid: 0, Valid Percent: 0.00%, Whitelist: 0, IPv4: 0, IPv6: 1, Min Delay: -1 ms, Max Speed: 0.00 M/s, Avg Speed: 0.00 M/s, Max Resolution: None
Category: ☘️福建频道, Name: 福建新闻, Total: 6, Valid: 0, Valid Percent: 0.00%, Whitelist: 0, IPv4: 0, IPv6: 6, Min Delay: -1 ms, Max Speed: 0.00 M/s, Avg Speed: 0.00 M/s, Max Resolution: None
Category: ☘️福建频道, Name: 福建电视剧, Total: 6, Valid: 0, Valid Percent: 0.00%, Whitelist: 0, IPv4: 0, IPv6: 6, Min Delay: -1 ms, Max Speed: 0.00 M/s, Avg Speed: 0.00 M/s, Max Resolution: None
Category: ☘️福建频道, Name: 福建经济, Total: 5, Valid: 0, Valid Percent: 0.00%, Whitelist: 0, IPv4: 0, IPv6: 5, Min Delay: -1 ms, Max Speed: 0.00 M/s, Avg Speed: 0.00 M/s, Max Resolution: None
Category: ☘️福建频道, Name: 福建综合, Total: 6, Valid: 0, Valid Percent: 0.00%, Whitelist: 0, IPv4: 0, IPv6: 6, Min Delay: -1 ms, Max Speed: 0.00 M/s, Avg Speed: 0.00 M/s, Max Resolution: None
Category: ☘️福建频道, Name: 福建公共, Total: 1, Valid: 0, Valid Percent: 0.00%, Whitelist: 0, IPv4: 0, IPv6: 1, Min Delay: -1 ms, Max Speed: 0.00 M/s, Avg Speed: 0.00 M/s, Max Resolution: None
Category: ☘️福建频道, Name: 福建旅游, Total: 1, Valid: 0, Valid Percent: 0.00%, Whitelist: 0, IPv4: 0, IPv6: 1, Min Delay: -1 ms, Max Speed: 0.00 M/s, Avg Speed: 0.00 M/s, Max Resolution: None
Category: ☘️福建频道, Name: 福建经视, Total: 5, Valid: 0, Valid Percent: 0.00%, Whitelist: 0, IPv4: 0, IPv6: 5, Min Delay: -1 ms, Max Speed: 0.00 M/s, Avg Speed: 0.00 M/s, Max Resolution: None
Category: ☘️福建频道, Name: 福建少儿, Total: 6, Valid: 0, Valid Percent: 0.00%, Whitelist: 0, IPv4: 0, IPv6: 6, Min Delay: -1 ms, Max Speed: 0.00 M/s, Avg Speed: 0.00 M/s, Max Resolution: None
Category: 📡卫视频道, Name: 广东卫视, Total: 382, Valid: 9, Valid Percent: 2.36%, Whitelist: 0, IPv4: 10, IPv6: 372, Min Delay: 209 ms, Max Speed: 167.93 M/s, Avg Speed: 19.42 M/s, Max Resolution: 1920x1080
Category: 📡卫视频道, Name: 香港卫视, Total: 14, Valid: 0, Valid Percent: 0.00%, Whitelist: 0, IPv4: 0, IPv6: 14, Min Delay: -1 ms, Max Speed: 0.00 M/s, Avg Speed: 0.00 M/s, Max Resolution: None
Category: 📡卫视频道, Name: 浙江卫视, Total: 347, Valid: 9, Valid Percent: 2.59%, Whitelist: 0, IPv4: 10, IPv6: 337, Min Delay: 215 ms, Max Speed: 1.62 M/s, Avg Speed: 0.94 M/s, Max Resolution: 1920x1080
Category: 📡卫视频道, Name: 湖南卫视, Total: 368, Valid: 11, Valid Percent: 2.99%, Whitelist: 0, IPv4: 12, IPv6: 356, Min Delay: 398 ms, Max Speed: 6.64 M/s, Avg Speed: 1.71 M/s, Max Resolution: 1920x1080
Category: 📡卫视频道, Name: 北京卫视, Total: 360, Valid: 9, Valid Percent: 2.50%, Whitelist: 0, IPv4: 10, IPv6: 350, Min Delay: 438 ms, Max Speed: 5.93 M/s, Avg Speed: 1.93 M/s, Max Resolution: 1920x1080
Category: 📡卫视频道, Name: 湖北卫视, Total: 322, Valid: 6, Valid Percent: 1.86%, Whitelist: 0, IPv4: 6, IPv6: 316, Min Delay: 398 ms, Max Speed: 6.42 M/s, Avg Speed: 1.84 M/s, Max Resolution: 1920x1080
Category: 📡卫视频道, Name: 黑龙江卫视, Total: 326, Valid: 3, Valid Percent: 0.92%, Whitelist: 0, IPv4: 3, IPv6: 323, Min Delay: 407 ms, Max Speed: 5.44 M/s, Avg Speed: 3.85 M/s, Max Resolution: 1920x1080
Category: 📡卫视频道, Name: 安徽卫视, Total: 324, Valid: 1, Valid Percent: 0.31%, Whitelist: 0, IPv4: 1, IPv6: 323, Min Delay: 403 ms, Max Speed: 0.95 M/s, Avg Speed: 0.95 M/s, Max Resolution: 1920x1080
Category: 📡卫视频道, Name: 重庆卫视, Total: 332, Valid: 5, Valid Percent: 1.51%, Whitelist: 0, IPv4: 5, IPv6: 327, Min Delay: 403 ms, Max Speed: 6.30 M/s, Avg Speed: 1.96 M/s, Max Resolution: 1920x1080
Category: 📡卫视频道, Name: 东方卫视, Total: 348, Valid: 8, Valid Percent: 2.30%, Whitelist: 0, IPv4: 9, IPv6: 339, Min Delay: 397 ms, Max Speed: 9.80 M/s, Avg Speed: 2.12 M/s, Max Resolution: 1920x1080
Category: 📡卫视频道, Name: 东南卫视, Total: 331, Valid: 7, Valid Percent: 2.11%, Whitelist: 0, IPv4: 7, IPv6: 324, Min Delay: 388 ms, Max Speed: 0.95 M/s, Avg Speed: 0.78 M/s, Max Resolution: 1920x1080
Category: 📡卫视频道, Name: 甘肃卫视, Total: 237, Valid: 2, Valid Percent: 0.84%, Whitelist: 0, IPv4: 2, IPv6: 235, Min Delay: 394 ms, Max Speed: 0.95 M/s, Avg Speed: 0.87 M/s, Max Resolution: 1920x1080
Category: 📡卫视频道, Name: 广西卫视, Total: 283, Valid: 9, Valid Percent: 3.18%, Whitelist: 0, IPv4: 9, IPv6: 274, Min Delay: 390 ms, Max Speed: 6.06 M/s, Avg Speed: 2.01 M/s, Max Resolution: 1920x1080
Category: 📡卫视频道, Name: 贵州卫视, Total: 313, Valid: 5, Valid Percent: 1.60%, Whitelist: 0, IPv4: 5, IPv6: 308, Min Delay: 398 ms, Max Speed: 6.64 M/s, Avg Speed: 4.23 M/s, Max Resolution: 1920x1080
Category: 📡卫视频道, Name: 海南卫视, Total: 279, Valid: 7, Valid Percent: 2.51%, Whitelist: 0, IPv4: 7, IPv6: 272, Min Delay: 398 ms, Max Speed: 0.97 M/s, Avg Speed: 0.91 M/s, Max Resolution: 1920x1080
Category: 📡卫视频道, Name: 河北卫视, Total: 334, Valid: 9, Valid Percent: 2.69%, Whitelist: 0, IPv4: 9, IPv6: 325, Min Delay: 398 ms, Max Speed: 5.21 M/s, Avg Speed: 1.38 M/s, Max Resolution: 1920x1080
Category: 📡卫视频道, Name: 河南卫视, Total: 333, Valid: 13, Valid Percent: 3.90%, Whitelist: 0, IPv4: 14, IPv6: 319, Min Delay: 386 ms, Max Speed: 5.03 M/s, Avg Speed: 1.30 M/s, Max Resolution: 1920x1080
Category: 📡卫视频道, Name: 吉林卫视, Total: 297, Valid: 4, Valid Percent: 1.35%, Whitelist: 0, IPv4: 4, IPv6: 293, Min Delay: 409 ms, Max Speed: 5.70 M/s, Avg Speed: 2.13 M/s, Max Resolution: 1920x1080
Category: 📡卫视频道, Name: 江苏卫视, Total: 393, Valid: 10, Valid Percent: 2.54%, Whitelist: 0, IPv4: 11, IPv6: 382, Min Delay: 310 ms, Max Speed: 136.20 M/s, Avg Speed: 15.44 M/s, Max Resolution: 1920x1080
Category: 📡卫视频道, Name: 江西卫视, Total: 350, Valid: 10, Valid Percent: 2.86%, Whitelist: 0, IPv4: 10, IPv6: 340, Min Delay: 66 ms, Max Speed: 102.28 M/s, Avg Speed: 11.96 M/s, Max Resolution: 1920x1080
Category: 📡卫视频道, Name: 辽宁卫视, Total: 338, Valid: 5, Valid Percent: 1.48%, Whitelist: 0, IPv4: 6, IPv6: 332, Min Delay: 390 ms, Max Speed: 5.97 M/s, Avg Speed: 3.92 M/s, Max Resolution: 1920x1080
Category: 📡卫视频道, Name: 内蒙古卫视, Total: 188, Valid: 5, Valid Percent: 2.66%, Whitelist: 0, IPv4: 5, IPv6: 183, Min Delay: 96 ms, Max Speed: 80.83 M/s, Avg Speed: 17.98 M/s, Max Resolution: 1920x1080
Category: 📡卫视频道, Name: 宁夏卫视, Total: 201, Valid: 2, Valid Percent: 1.00%, Whitelist: 0, IPv4: 2, IPv6: 199, Min Delay: 78 ms, Max Speed: 83.31 M/s, Avg Speed: 45.21 M/s, Max Resolution: 1920x1080
Category: 📡卫视频道, Name: 青海卫视, Total: 246, Valid: 3, Valid Percent: 1.22%, Whitelist: 0, IPv4: 3, IPv6: 243, Min Delay: 228 ms, Max Speed: 1.68 M/s, Avg Speed: 1.18 M/s, Max Resolution: 1920x1080
Category: 📡卫视频道, Name: 山东卫视, Total: 321, Valid: 4, Valid Percent: 1.25%, Whitelist: 0, IPv4: 5, IPv6: 316, Min Delay: 399 ms, Max Speed: 6.21 M/s, Avg Speed: 4.75 M/s, Max Resolution: 1920x1080
Category: 📡卫视频道, Name: 山西卫视, Total: 5, Valid: 0, Valid Percent: 0.00%, Whitelist: 0, IPv4: 0, IPv6: 5, Min Delay: -1 ms, Max Speed: 0.00 M/s, Avg Speed: 0.00 M/s, Max Resolution: None
Category: 📡卫视频道, Name: 陕西卫视, Total: 3, Valid: 0, Valid Percent: 0.00%, Whitelist: 0, IPv4: 0, IPv6: 3, Min Delay: -1 ms, Max Speed: 0.00 M/s, Avg Speed: 0.00 M/s, Max Resolution: None
Category: 📡卫视频道, Name: 四川卫视, Total: 324, Valid: 11, Valid Percent: 3.40%, Whitelist: 0, IPv4: 11, IPv6: 313, Min Delay: 55 ms, Max Speed: 93.11 M/s, Avg Speed: 23.68 M/s, Max Resolution: 1920x1080
Category: 📡卫视频道, Name: 深圳卫视, Total: 358, Valid: 10, Valid Percent: 2.79%, Whitelist: 0, IPv4: 10, IPv6: 348, Min Delay: 213 ms, Max Speed: 5.92 M/s, Avg Speed: 1.87 M/s, Max Resolution: 1920x1080
Category: 📡卫视频道, Name: 三沙卫视, Total: 169, Valid: 2, Valid Percent: 1.18%, Whitelist: 0, IPv4: 2, IPv6: 167, Min Delay: 402 ms, Max Speed: 4.80 M/s, Avg Speed: 2.87 M/s, Max Resolution: 1920x1080
Category: 📡卫视频道, Name: 天津卫视, Total: 347, Valid: 3, Valid Percent: 0.86%, Whitelist: 0, IPv4: 3, IPv6: 344, Min Delay: 254 ms, Max Speed: 6.17 M/s, Avg Speed: 4.63 M/s, Max Resolution: 1920x1080
Category: 📡卫视频道, Name: 西藏卫视, Total: 203, Valid: 5, Valid Percent: 2.46%, Whitelist: 0, IPv4: 5, IPv6: 198, Min Delay: 78 ms, Max Speed: 89.83 M/s, Avg Speed: 19.89 M/s, Max Resolution: 1920x1080
Category: 📡卫视频道, Name: 新疆卫视, Total: 209, Valid: 3, Valid Percent: 1.44%, Whitelist: 0, IPv4: 3, IPv6: 206, Min Delay: 94 ms, Max Speed: 65.89 M/s, Avg Speed: 24.53 M/s, Max Resolution: 1920x1080
Category: 📡卫视频道, Name: 云南卫视, Total: 275, Valid: 6, Valid Percent: 2.18%, Whitelist: 0, IPv4: 6, IPv6: 269, Min Delay: 402 ms, Max Speed: 6.23 M/s, Avg Speed: 2.49 M/s, Max Resolution: 1920x1080
Category: ☘️北京频道, Name: 北京卡酷少儿, Total: 136, Valid: 0, Valid Percent: 0.00%, Whitelist: 0, IPv4: 0, IPv6: 136, Min Delay: -1 ms, Max Speed: 0.00 M/s, Avg Speed: 0.00 M/s, Max Resolution: None
Category: ☘️北京频道, Name: 北京新闻, Total: 4, Valid: 0, Valid Percent: 0.00%, Whitelist: 0, IPv4: 0, IPv6: 4, Min Delay: -1 ms, Max Speed: 0.00 M/s, Avg Speed: 0.00 M/s, Max Resolution: None
Category: ☘️北京频道, Name: 北京生活, Total: 2, Valid: 0, Valid Percent: 0.00%, Whitelist: 0, IPv4: 0, IPv6: 2, Min Delay: -1 ms, Max Speed: 0.00 M/s, Avg Speed: 0.00 M/s, Max Resolution: None
Category: ☘️北京频道, Name: 北京财经, Total: 2, Valid: 0, Valid Percent: 0.00%, Whitelist: 0, IPv4: 0, IPv6: 2, Min Delay: -1 ms, Max Speed: 0.00 M/s, Avg Speed: 0.00 M/s, Max Resolution: None
Category: ☘️上海频道, Name: 上海新闻综合, Total: 8, Valid: 0, Valid Percent: 0.00%, Whitelist: 0, IPv4: 0, IPv6: 8, Min Delay: -1 ms, Max Speed: 0.00 M/s, Avg Speed: 0.00 M/s, Max Resolution: None
Category: ☘️上海频道, Name: 上海第一财经, Total: 4, Valid: 0, Valid Percent: 0.00%, Whitelist: 0, IPv4: 0, IPv6: 4, Min Delay: -1 ms, Max Speed: 0.00 M/s, Avg Speed: 0.00 M/s, Max Resolution: None
Category: ☘️上海频道, Name: 上海纪实, Total: 5, Valid: 0, Valid Percent: 0.00%, Whitelist: 0, IPv4: 0, IPv6: 5, Min Delay: -1 ms, Max Speed: 0.00 M/s, Avg Speed: 0.00 M/s, Max Resolution: None
Category: ☘️上海频道, Name: 上海都市, Total: 10, Valid: 0, Valid Percent: 0.00%, Whitelist: 0, IPv4: 0, IPv6: 10, Min Delay: -1 ms, Max Speed: 0.00 M/s, Avg Speed: 0.00 M/s, Max Resolution: None
Category: ☘️上海频道, Name: 东方影视, Total: 7, Valid: 0, Valid Percent: 0.00%, Whitelist: 0, IPv4: 0, IPv6: 7, Min Delay: -1 ms, Max Speed: 0.00 M/s, Avg Speed: 0.00 M/s, Max Resolution: None
Category: ☘️上海频道, Name: 东方财经, Total: 1, Valid: 0, Valid Percent: 0.00%, Whitelist: 0, IPv4: 0, IPv6: 1, Min Delay: -1 ms, Max Speed: 0.00 M/s, Avg Speed: 0.00 M/s, Max Resolution: None
Category: ☘️上海频道, Name: 动漫秀场, Total: 25, Valid: 0, Valid Percent: 0.00%, Whitelist: 0, IPv4: 0, IPv6: 25, Min Delay: -1 ms, Max Speed: 0.00 M/s, Avg Speed: 0.00 M/s, Max Resolution: None
Category: ☘️上海频道, Name: 哈哈炫动, Total: 78, Valid: 3, Valid Percent: 3.85%, Whitelist: 0, IPv4: 3, IPv6: 75, Min Delay: 680 ms, Max Speed: 6.05 M/s, Avg Speed: 5.87 M/s, Max Resolution: 1920x1080
Category: ☘️上海频道, Name: 新闻综合, Total: 9, Valid: 1, Valid Percent: 11.11%, Whitelist: 0, IPv4: 1, IPv6: 8, Min Delay: 1991 ms, Max Speed: 0.71 M/s, Avg Speed: 0.71 M/s, Max Resolution: 1920x1080
Category: ☘️上海频道, Name: 欢笑剧场, Total: 9, Valid: 0, Valid Percent: 0.00%, Whitelist: 0, IPv4: 0, IPv6: 9, Min Delay: -1 ms, Max Speed: 0.00 M/s, Avg Speed: 0.00 M/s, Max Resolution: None
Category: ☘️上海频道, Name: 法治天地, Total: 8, Valid: 0, Valid Percent: 0.00%, Whitelist: 0, IPv4: 0, IPv6: 8, Min Delay: -1 ms, Max Speed: 0.00 M/s, Avg Speed: 0.00 M/s, Max Resolution: None
Category: ☘️上海频道, Name: 生活时尚, Total: 11, Valid: 0, Valid Percent: 0.00%, Whitelist: 0, IPv4: 0, IPv6: 11, Min Delay: -1 ms, Max Speed: 0.00 M/s, Avg Speed: 0.00 M/s, Max Resolution: None
Category: ☘️上海频道, Name: 第一财经, Total: 11, Valid: 0, Valid Percent: 0.00%, Whitelist: 0, IPv4: 0, IPv6: 11, Min Delay: -1 ms, Max Speed: 0.00 M/s, Avg Speed: 0.00 M/s, Max Resolution: None
Category: ☘️上海频道, Name: 纪实人文, Total: 2, Valid: 0, Valid Percent: 0.00%, Whitelist: 0, IPv4: 0, IPv6: 2, Min Delay: -1 ms, Max Speed: 0.00 M/s, Avg Speed: 0.00 M/s, Max Resolution: None
Category: ☘️上海频道, Name: 都市剧场, Total: 8, Valid: 0, Valid Percent: 0.00%, Whitelist: 0, IPv4: 0, IPv6: 8, Min Delay: -1 ms, Max Speed: 0.00 M/s, Avg Speed: 0.00 M/s, Max Resolution: None
